\BOOKMARK [1][-]{section.1}{\376\377\004\022\004\062\004\065\004\064\004\065\004\075\004\070\004\065}{}% 1
\BOOKMARK [2][-]{subsection.1.1}{\376\377\004\046\004\065\004\073\004\114\000\040\004\064\004\076\004\072\004\103\004\074\004\065\004\075\004\102\004\060}{section.1}% 2
\BOOKMARK [2][-]{subsection.1.2}{\376\377\004\037\004\100\004\076\004\061\004\073\004\065\004\074\004\060}{section.1}% 3
\BOOKMARK [2][-]{subsection.1.3}{\376\377\004\036\004\061\004\073\004\060\004\101\004\102\004\114\000\040\004\077\004\100\004\070\004\074\004\065\004\075\004\065\004\075\004\070\004\117}{section.1}% 4
\BOOKMARK [2][-]{subsection.1.4}{\376\377\004\020\004\103\004\064\004\070\004\102\004\076\004\100\004\070\004\117\000\040\004\064\004\076\004\072\004\103\004\074\004\065\004\075\004\102\004\060}{section.1}% 5
\BOOKMARK [1][-]{section.2}{\376\377\004\036\004\061\004\067\004\076\004\100\000\040\004\101\004\070\004\101\004\102\004\065\004\074\004\113}{}% 6
\BOOKMARK [2][-]{subsection.2.1}{\376\377\004\035\004\060\004\067\004\075\004\060\004\107\004\065\004\075\004\070\004\065}{section.2}% 7
\BOOKMARK [2][-]{subsection.2.2}{\376\377\004\036\004\101\004\075\004\076\004\062\004\075\004\113\004\065\000\040\004\104\004\103\004\075\004\072\004\106\004\070\004\070}{section.2}% 8
\BOOKMARK [2][-]{subsection.2.3}{\376\377\004\024\004\076\004\101\004\102\004\103\004\077\000\040\004\070\000\040\004\100\004\060\004\067\004\062\004\121\004\100\004\102\004\113\004\062\004\060\004\075\004\070\004\065}{section.2}% 9
\BOOKMARK [1][-]{section.3}{\376\377\004\044\004\103\004\075\004\072\004\106\004\070\004\076\004\075\004\060\004\073\004\114\004\075\004\113\004\065\000\040\004\102\004\100\004\065\004\061\004\076\004\062\004\060\004\075\004\070\004\117}{}% 10
\BOOKMARK [2][-]{subsection.3.1}{\376\377\004\027\004\060\004\063\004\100\004\103\004\067\004\072\004\060\000\040\004\070\000\040\004\105\004\100\004\060\004\075\004\065\004\075\004\070\004\065\000\040\004\064\004\076\004\072\004\103\004\074\004\065\004\075\004\102\004\076\004\062}{section.3}% 11
\BOOKMARK [3][-]{subsubsection.3.1.1}{\376\377\004\022\004\113\004\061\004\076\004\100\000\040\004\102\004\070\004\077\004\060\000\040\004\064\004\076\004\072\004\103\004\074\004\065\004\075\004\102\004\060}{subsection.3.1}% 12
\BOOKMARK [3][-]{subsubsection.3.1.2}{\376\377\004\027\004\060\004\063\004\100\004\103\004\067\004\072\004\060\000\040\004\104\004\060\004\071\004\073\004\076\004\062}{subsection.3.1}% 13
\BOOKMARK [3][-]{subsubsection.3.1.3}{\376\377\004\021\004\065\004\067\004\076\004\077\004\060\004\101\004\075\004\076\004\101\004\102\004\114\000\040\004\067\004\060\004\063\004\100\004\103\004\066\004\060\004\065\004\074\004\113\004\105\000\040\000P\000D\000F\000\040\000\050\004\076\004\061\004\117\004\067\004\060\004\102\004\065\004\073\004\114\004\075\004\076\004\065\000\040\004\102\004\100\004\065\004\061\004\076\004\062\004\060\004\075\004\070\004\065\000\051}{subsection.3.1}% 14
\BOOKMARK [3][-]{subsubsection.3.1.4}{\376\377\004\036\004\063\004\100\004\060\004\075\004\070\004\107\004\065\004\075\004\070\004\065\000\040\004\100\004\060\004\067\004\074\004\065\004\100\004\060\000\040\004\070\000\040\004\105\004\100\004\060\004\075\004\065\004\075\004\070\004\065}{subsection.3.1}% 15
\BOOKMARK [2][-]{subsection.3.2}{\376\377\004\037\004\100\004\060\004\062\004\070\004\073\004\060\000\040\004\077\004\100\004\076\004\062\004\065\004\100\004\072\004\070\000\040\000\050\004\064\004\062\004\060\000\040\004\102\004\070\004\077\004\060\000\040\004\064\004\076\004\072\004\103\004\074\004\065\004\075\004\102\004\076\004\062\000\051}{section.3}% 16
\BOOKMARK [3][-]{subsubsection.3.2.1}{\376\377\004\037\004\100\004\076\004\062\004\065\004\100\004\072\004\060\000\040\004\110\004\060\004\061\004\073\004\076\004\075\004\060\000\040\004\022\004\032\004\040\000\040\000\050\000P\000D\000F\000\051}{subsection.3.2}% 17
\BOOKMARK [3][-]{subsubsection.3.2.2}{\376\377\004\037\004\100\004\076\004\062\004\065\004\100\004\072\004\060\000\040\004\076\004\102\004\107\004\121\004\102\004\060\000\040\004\077\004\076\000\040\004\077\004\100\004\060\004\072\004\102\004\070\004\072\004\065\000\040\000\050\000P\000D\000F\000\051}{subsection.3.2}% 18
\BOOKMARK [2][-]{subsection.3.3}{\376\377\004\040\004\065\004\067\004\103\004\073\004\114\004\102\004\060\004\102\004\113\000\040\004\077\004\100\004\076\004\062\004\065\004\100\004\072\004\070\000\040\004\070\000\040\004\076\004\102\004\107\004\121\004\102\004\075\004\076\004\101\004\102\004\114}{section.3}% 19
\BOOKMARK [2][-]{subsection.3.4}{\376\377\004\036\004\102\004\076\004\061\004\100\004\060\004\066\004\065\004\075\004\070\004\065\000\040\004\070\000\040\004\076\004\102\004\077\004\100\004\060\004\062\004\072\004\060\000\040\004\100\004\065\004\067\004\103\004\073\004\114\004\102\004\060\004\102\004\076\004\062\000\040\004\077\004\100\004\076\004\062\004\065\004\100\004\072\004\070}{section.3}% 20
\BOOKMARK [2][-]{subsection.3.5}{\376\377\004\030\004\075\004\102\004\065\004\100\004\104\004\065\004\071\004\101\000\040\004\075\004\060\000\040\004\076\004\101\004\075\004\076\004\062\004\065\000\040\004\115\004\073\004\065\004\072\004\102\004\100\004\076\004\075\004\075\004\076\004\071\000\040\004\077\004\076\004\107\004\102\004\113}{section.3}% 21
\BOOKMARK [2][-]{subsection.3.6}{\376\377\004\043\004\077\004\100\004\060\004\062\004\073\004\065\004\075\004\070\004\065\000\040\004\077\004\076\004\073\004\114\004\067\004\076\004\062\004\060\004\102\004\065\004\073\004\117\004\074\004\070\000\040\004\070\000\040\004\060\004\103\004\102\004\065\004\075\004\102\004\070\004\104\004\070\004\072\004\060\004\106\004\070\004\117}{section.3}% 22
\BOOKMARK [2][-]{subsection.3.7}{\376\377\004\035\004\060\004\101\004\102\004\100\004\076\004\071\004\072\004\060}{section.3}% 23
\BOOKMARK [1][-]{section.4}{\376\377\004\035\004\065\004\104\004\103\004\075\004\072\004\106\004\070\004\076\004\075\004\060\004\073\004\114\004\075\004\113\004\065\000\040\004\102\004\100\004\065\004\061\004\076\004\062\004\060\004\075\004\070\004\117}{}% 24
\BOOKMARK [2][-]{subsection.4.1}{\376\377\004\037\004\100\004\076\004\070\004\067\004\062\004\076\004\064\004\070\004\102\004\065\004\073\004\114\004\075\004\076\004\101\004\102\004\114}{section.4}% 25
\BOOKMARK [2][-]{subsection.4.2}{\376\377\004\021\004\065\004\067\004\076\004\077\004\060\004\101\004\075\004\076\004\101\004\102\004\114}{section.4}% 26
\BOOKMARK [2][-]{subsection.4.3}{\376\377\004\043\004\064\004\076\004\061\004\101\004\102\004\062\004\076\000\040\004\070\004\101\004\077\004\076\004\073\004\114\004\067\004\076\004\062\004\060\004\075\004\070\004\117\000\040\000\050\000U\000s\000a\000b\000i\000l\000i\000t\000y\000\051}{section.4}% 27
\BOOKMARK [2][-]{subsection.4.4}{\376\377\004\035\004\060\004\064\004\121\004\066\004\075\004\076\004\101\004\102\004\114}{section.4}% 28
\BOOKMARK [2][-]{subsection.4.5}{\376\377\004\037\004\076\004\064\004\064\004\065\004\100\004\066\004\070\004\062\004\060\004\065\004\074\004\076\004\101\004\102\004\114}{section.4}% 29
\BOOKMARK [1][-]{section.5}{\376\377\004\042\004\100\004\065\004\061\004\076\004\062\004\060\004\075\004\070\004\117\000\040\004\072\000\040\004\077\004\076\004\073\004\114\004\067\004\076\004\062\004\060\004\102\004\065\004\073\004\114\004\101\004\072\004\076\004\074\004\103\000\040\004\070\004\075\004\102\004\065\004\100\004\104\004\065\004\071\004\101\004\103}{}% 30
\BOOKMARK [2][-]{subsection.5.1}{\376\377\004\036\004\100\004\063\004\060\004\075\004\070\004\067\004\060\004\106\004\070\004\117\000\040\004\077\004\076\000\040\004\102\004\070\004\077\004\103\000\040\004\064\004\076\004\072\004\103\004\074\004\065\004\075\004\102\004\060}{section.5}% 31
\BOOKMARK [2][-]{subsection.5.2}{\376\377\004\041\004\106\004\065\004\075\004\060\004\100\004\070\004\071\000\040\004\067\004\060\004\063\004\100\004\103\004\067\004\072\004\070}{section.5}% 32
\BOOKMARK [2][-]{subsection.5.3}{\376\377\004\040\004\065\004\067\004\103\004\073\004\114\004\102\004\060\004\102\004\113\000\040\004\077\004\100\004\076\004\062\004\065\004\100\004\072\004\070}{section.5}% 33
\BOOKMARK [2][-]{subsection.5.4}{\376\377\004\035\004\076\004\100\004\074\004\060\004\102\004\070\004\062\004\075\004\113\004\065\000\040\004\064\004\076\004\072\004\103\004\074\004\065\004\075\004\102\004\113}{section.5}% 34
\BOOKMARK [1][-]{section.6}{\376\377\004\042\004\100\004\065\004\061\004\076\004\062\004\060\004\075\004\070\004\117\000\040\004\072\000\040\004\064\004\060\004\075\004\075\004\113\004\074}{}% 35
\BOOKMARK [2][-]{subsection.6.1}{\376\377\004\041\004\103\004\111\004\075\004\076\004\101\004\102\004\070}{section.6}% 36
\BOOKMARK [2][-]{subsection.6.2}{\376\377\004\045\004\100\004\060\004\075\004\065\004\075\004\070\004\065}{section.6}% 37
\BOOKMARK [2][-]{subsection.6.3}{\376\377\004\045\004\100\004\060\004\075\004\065\004\075\004\070\004\065\000\040\004\070\000\040\004\103\004\064\004\060\004\073\004\065\004\075\004\070\004\065}{section.6}% 38
\BOOKMARK [1][-]{section.7}{\376\377\004\020\004\100\004\105\004\070\004\102\004\065\004\072\004\102\004\103\004\100\004\060\000\040\004\101\004\070\004\101\004\102\004\065\004\074\004\113}{}% 39
\BOOKMARK [2][-]{subsection.7.1}{\376\377\004\042\004\065\004\105\004\075\004\076\004\073\004\076\004\063\004\070\004\107\004\065\004\101\004\072\004\070\004\071\000\040\004\101\004\102\004\065\004\072\000\040\004\061\004\115\004\072\004\065\004\075\004\064\004\060}{section.7}% 40
\BOOKMARK [2][-]{subsection.7.2}{\376\377\004\044\004\100\004\076\004\075\004\102\004\065\004\075\004\064}{section.7}% 41
\BOOKMARK [2][-]{subsection.7.3}{\376\377\004\040\004\060\004\067\004\062\004\121\004\100\004\102\004\113\004\062\004\060\004\075\004\070\004\065\000\040\004\070\000\040\004\076\004\061\004\100\004\060\004\102\004\075\004\113\004\071\000\040\004\077\004\100\004\076\004\072\004\101\004\070}{section.7}% 42
\BOOKMARK [2][-]{subsection.7.4}{\376\377\004\020\004\103\004\102\004\065\004\075\004\102\004\070\004\104\004\070\004\072\004\060\004\106\004\070\004\117}{section.7}% 43
\BOOKMARK [2][-]{subsection.7.5}{\376\377\000A\000P\000I}{section.7}% 44
\BOOKMARK [2][-]{subsection.7.6}{\376\377\004\030\004\075\004\102\004\065\004\100\004\104\004\065\004\071\004\101\000\040\004\075\004\060\000\040\004\076\004\101\004\075\004\076\004\062\004\065\000\040\004\115\004\073\004\065\004\072\004\102\004\100\004\076\004\075\004\075\004\076\004\071\000\040\004\077\004\076\004\107\004\102\004\113\000\040\000\050\004\072\004\076\004\074\004\077\004\076\004\075\004\065\004\075\004\102\000\051}{section.7}% 45
\BOOKMARK [2][-]{subsection.7.7}{\376\377\000C\000I\000/\000C\000D\000\040\004\070\000\040\004\060\004\062\004\102\004\076\004\074\004\060\004\102\004\070\004\067\004\070\004\100\004\076\004\062\004\060\004\075\004\075\004\076\004\065\000\040\004\100\004\060\004\067\004\062\004\121\004\100\004\102\004\113\004\062\004\060\004\075\004\070\004\065}{section.7}% 46
\BOOKMARK [3][-]{subsubsection.7.7.1}{\376\377\004\032\004\076\004\075\004\102\004\103\004\100\000\040\000C\000I\000/\000C\000D}{subsection.7.7}% 47
\BOOKMARK [3][-]{subsubsection.7.7.2}{\376\377\004\040\004\060\004\067\004\062\004\121\004\100\004\102\004\113\004\062\004\060\004\075\004\070\004\065\000\040\004\075\004\060\000\040\004\101\004\065\004\100\004\062\004\065\004\100\004\065}{subsection.7.7}% 48
\BOOKMARK [1][-]{section.8}{\376\377\004\042\004\100\004\065\004\061\004\076\004\062\004\060\004\075\004\070\004\117\000\040\004\072\000\040\004\102\004\065\004\101\004\102\004\070\004\100\004\076\004\062\004\060\004\075\004\070\004\116}{}% 49
\BOOKMARK [2][-]{subsection.8.1}{\376\377\004\042\004\065\004\101\004\102\004\113\000\040\004\061\004\115\004\072\004\065\004\075\004\064\004\060}{section.8}% 50
\BOOKMARK [2][-]{subsection.8.2}{\376\377\004\042\004\065\004\101\004\102\004\113\000\040\004\104\004\100\004\076\004\075\004\102\004\065\004\075\004\064\004\060}{section.8}% 51
\BOOKMARK [2][-]{subsection.8.3}{\376\377\004\042\004\065\004\101\004\102\004\113\000\040\004\077\004\100\004\060\004\062\004\070\004\073\000\040\004\077\004\100\004\076\004\062\004\065\004\100\004\072\004\070\000\040\004\064\004\076\004\072\004\103\004\074\004\065\004\075\004\102\004\076\004\062}{section.8}% 52
\BOOKMARK [2][-]{subsection.8.4}{\376\377\004\042\004\065\004\101\004\102\004\113\000\040\004\061\004\065\004\067\004\076\004\077\004\060\004\101\004\075\004\076\004\101\004\102\004\070\000\040\004\067\004\060\004\063\004\100\004\103\004\066\004\060\004\065\004\074\004\113\004\105\000\040\000P\000D\000F}{section.8}% 53
\BOOKMARK [1][-]{section.9}{\376\377\004\032\004\100\004\070\004\102\004\065\004\100\004\070\004\070\000\040\004\077\004\100\004\070\004\121\004\074\004\072\004\070}{}% 54
\BOOKMARK [1][-]{section.10}{\376\377\004\024\004\076\004\077\004\103\004\111\004\065\004\075\004\070\004\117\000\040\004\070\000\040\004\076\004\063\004\100\004\060\004\075\004\070\004\107\004\065\004\075\004\070\004\117}{}% 55
\BOOKMARK [2][-]{subsection.10.1}{\376\377\004\024\004\076\004\077\004\103\004\111\004\065\004\075\004\070\004\117}{section.10}% 56
\BOOKMARK [2][-]{subsection.10.2}{\376\377\004\036\004\063\004\100\004\060\004\075\004\070\004\107\004\065\004\075\004\070\004\117}{section.10}% 57
\BOOKMARK [1][-]{section.11}{\376\377\004\037\004\065\004\100\004\101\004\077\004\065\004\072\004\102\004\070\004\062\004\113\000\040\004\100\004\060\004\067\004\062\004\070\004\102\004\070\004\117}{}% 58
